[0.006s] Invoking command in '/home/javierfr/Robotics_Cyber_Physical_LAB/src/img_proc_pkg/build/img_proc_pkg': CMAKE_PREFIX_PATH=${CMAKE_PREFIX_PATH}:/opt/ros/foxy /usr/bin/cmake /home/javierfr/Robotics_Cyber_Physical_LAB/src/img_proc_pkg -DCMAKE_INSTALL_PREFIX=/home/javierfr/Robotics_Cyber_Physical_LAB/src/img_proc_pkg/install/img_proc_pkg
[0.059s] -- The C compiler identification is GNU 9.4.0
[0.090s] -- The CXX compiler identification is GNU 9.4.0
[0.092s] -- Check for working C compiler: /usr/bin/cc
[0.161s] -- Check for working C compiler: /usr/bin/cc -- works
[0.162s] -- Detecting C compiler ABI info
[0.230s] -- Detecting C compiler ABI info - done
[0.236s] -- Detecting C compile features
[0.236s] -- Detecting C compile features - done
[0.238s] -- Check for working CXX compiler: /usr/bin/c++
[0.313s] -- Check for working CXX compiler: /usr/bin/c++ -- works
[0.313s] -- Detecting CXX compiler ABI info
[0.388s] -- Detecting CXX compiler ABI info - done
[0.394s] -- Detecting CXX compile features
[0.394s] -- Detecting CXX compile features - done
[0.395s] -- Found ament_cmake: 0.9.12 (/opt/ros/foxy/share/ament_cmake/cmake)
[0.410s] -- Found PythonInterp: /usr/bin/python3 (found suitable version "3.8.10", minimum required is "3") 
[0.410s] -- Using PYTHON_EXECUTABLE: /usr/bin/python3
[0.536s] -- Found OpenCV: /usr/local (found suitable version "4.7.0", minimum required is "4.6.0") 
[0.537s] -- Found sensor_msgs: 2.0.5 (/opt/ros/foxy/share/sensor_msgs/cmake)
[0.555s] -- Using all available rosidl_typesupport_c: rosidl_typesupport_fastrtps_c;rosidl_typesupport_introspection_c
[0.558s] -- Found rosidl_adapter: 1.3.1 (/opt/ros/foxy/share/rosidl_adapter/cmake)
[0.585s] -- Found FastRTPS: /opt/ros/foxy/include  
[0.620s] -- Using all available rosidl_typesupport_cpp: rosidl_typesupport_fastrtps_cpp;rosidl_typesupport_introspection_cpp
[0.708s] -- Found rclcpp: 2.4.3 (/opt/ros/foxy/share/rclcpp/cmake)
[0.731s] -- Found rmw_implementation_cmake: 1.0.4 (/opt/ros/foxy/share/rmw_implementation_cmake/cmake)
[0.732s] -- Using RMW implementation 'rmw_fastrtps_cpp'
[0.733s] -- Found rmw_fastrtps_cpp: 1.3.2 (/opt/ros/foxy/share/rmw_fastrtps_cpp/cmake)
[0.779s] -- Looking for pthread.h
[0.849s] -- Looking for pthread.h - found
[0.849s] -- Performing Test CMAKE_HAVE_LIBC_PTHREAD
[0.921s] -- Performing Test CMAKE_HAVE_LIBC_PTHREAD - Failed
[0.921s] -- Looking for pthread_create in pthreads
[0.987s] -- Looking for pthread_create in pthreads - not found
[0.987s] -- Looking for pthread_create in pthread
[1.060s] -- Looking for pthread_create in pthread - found
[1.061s] -- Found Threads: TRUE  
[1.157s] -- Found rclpy: 1.0.13 (/opt/ros/foxy/share/rclpy/cmake)
[1.158s] -- Found image_transport: 2.4.0 (/opt/ros/foxy/share/image_transport/cmake)
[1.185s] -- Found cv_bridge: 3.0.7 (/opt/ros/foxy/share/cv_bridge/cmake)
[1.194s] -- Found interfaces: 0.0.0 (/home/javierfr/Robotics_Cyber_Physical_LAB/install/interfaces/share/interfaces/cmake)
[1.227s] -- Found tf2: 0.13.14 (/opt/ros/foxy/share/tf2/cmake)
[1.233s] -- Found tf2_sensor_msgs: 0.13.14 (/opt/ros/foxy/share/tf2_sensor_msgs/cmake)
[1.428s] -- Found Eigen3: TRUE (found version "3.3.7") 
[1.552s] -- Configuring done
[1.639s] -- Generating done
[1.640s] -- Build files have been written to: /home/javierfr/Robotics_Cyber_Physical_LAB/src/img_proc_pkg/build/img_proc_pkg
[1.648s] Invoked command in '/home/javierfr/Robotics_Cyber_Physical_LAB/src/img_proc_pkg/build/img_proc_pkg' returned '0': CMAKE_PREFIX_PATH=${CMAKE_PREFIX_PATH}:/opt/ros/foxy /usr/bin/cmake /home/javierfr/Robotics_Cyber_Physical_LAB/src/img_proc_pkg -DCMAKE_INSTALL_PREFIX=/home/javierfr/Robotics_Cyber_Physical_LAB/src/img_proc_pkg/install/img_proc_pkg
[1.648s] Invoking command in '/home/javierfr/Robotics_Cyber_Physical_LAB/src/img_proc_pkg/build/img_proc_pkg': CMAKE_PREFIX_PATH=${CMAKE_PREFIX_PATH}:/opt/ros/foxy /usr/bin/cmake --build /home/javierfr/Robotics_Cyber_Physical_LAB/src/img_proc_pkg/build/img_proc_pkg -- -j16 -l16
[1.720s] [35m[1mScanning dependencies of target aruco_detector_v2[0m
[1.720s] [35m[1mScanning dependencies of target compute_position[0m
[1.720s] [35m[1mScanning dependencies of target aruco_nano_detector[0m
[1.722s] [35m[1mScanning dependencies of target img_subs_test_node[0m
[1.725s] [35m[1mScanning dependencies of target img_proc_node[0m
[1.732s] [35m[1mScanning dependencies of target aruco_detector[0m
[1.732s] [35m[1mScanning dependencies of target img_publ_test_node[0m
[1.732s] [35m[1mScanning dependencies of target img_proc_id_node[0m
[1.741s] [35m[1mScanning dependencies of target camera_publ_node[0m
[1.755s] [  5%] [32mBuilding CXX object CMakeFiles/img_proc_node.dir/src/img_proc_node.cpp.o[0m
[1.770s] [ 11%] [32mBuilding CXX object CMakeFiles/img_subs_test_node.dir/src/img_subs_test_node.cpp.o[0m
[1.771s] [ 16%] [32mBuilding CXX object CMakeFiles/aruco_detector.dir/src/aruco_detector.cpp.o[0m
[1.783s] [ 22%] [32mBuilding CXX object CMakeFiles/aruco_nano_detector.dir/src/aruco_nano_detector.cpp.o[0m
[1.784s] [ 27%] [32mBuilding CXX object CMakeFiles/img_publ_test_node.dir/src/img_publ_test_node.cpp.o[0m
[1.786s] [ 33%] [32mBuilding CXX object CMakeFiles/aruco_detector_v2.dir/src/aruco_detector_v2.cpp.o[0m
[1.790s] [ 38%] [32mBuilding CXX object CMakeFiles/camera_publ_node.dir/src/camera_publ_node.cpp.o[0m
[1.800s] [ 44%] [32mBuilding CXX object CMakeFiles/compute_position.dir/src/compute_position.cpp.o[0m
[1.803s] [ 50%] [32mBuilding CXX object CMakeFiles/img_proc_id_node.dir/src/img_proc_id_node.cpp.o[0m
[2.208s] [ 55%] [32m[1mLinking CXX executable img_proc_node[0m
[2.475s] [ 55%] Built target img_proc_node
[2.894s] [01m[K/home/javierfr/Robotics_Cyber_Physical_LAB/src/img_proc_pkg/src/aruco_detector_v2.cpp:[m[K In function ‘[01m[Kvoid drawAxis(cv::Mat&, cv::InputArrayOfArrays, cv::Vec3d, cv::Vec3d, float)[m[K’:
[2.894s] [01m[K/home/javierfr/Robotics_Cyber_Physical_LAB/src/img_proc_pkg/src/aruco_detector_v2.cpp:60:52:[m[K [01;35m[Kwarning: [m[Kunused parameter ‘[01m[Kcorners[m[K’ [[01;35m[K-Wunused-parameter[m[K]
[2.894s]    60 | void drawAxis(cv::Mat& img, [01;35m[Kcv::InputArrayOfArrays corners[m[K, cv::Vec3d rvec, cv::Vec3d tvec, float length = 0.1) {
[2.894s]       |                             [01;35m[K~~~~~~~~~~~~~~~~~~~~~~~^~~~~~~[m[K
[2.906s] [01m[K/home/javierfr/Robotics_Cyber_Physical_LAB/src/img_proc_pkg/src/aruco_detector.cpp:[m[K In constructor ‘[01m[KAruco_Detector::Aruco_Detector()[m[K’:
[2.907s] [01m[K/home/javierfr/Robotics_Cyber_Physical_LAB/src/img_proc_pkg/src/aruco_detector.cpp:66:12:[m[K [01;35m[Kwarning: [m[Kunused variable ‘[01m[KreadOk[m[K’ [[01;35m[K-Wunused-variable[m[K]
[2.907s]    66 |       bool [01;35m[KreadOk[m[K = readCameraParameters("src/img_proc_pkg/config/camera_calib_charuco.yaml", cameraMatrix, distCoeffs);
[2.907s]       |            [01;35m[K^~~~~~[m[K
[2.907s] [01m[K/home/javierfr/Robotics_Cyber_Physical_LAB/src/img_proc_pkg/src/aruco_detector.cpp:84:13:[m[K [01;35m[Kwarning: [m[Kunused variable ‘[01m[Kstate_dim_r1[m[K’ [[01;35m[K-Wunused-variable[m[K]
[2.907s]    84 |         int [01;35m[Kstate_dim_r1[m[K = 14;  // (x, y, z, rx, ry, rz, rw, vx, vy, vz, vrx, vry, vrz, vrw)
[2.907s]       |             [01;35m[K^~~~~~~~~~~~[m[K
[2.907s] [01m[K/home/javierfr/Robotics_Cyber_Physical_LAB/src/img_proc_pkg/src/aruco_detector.cpp:85:13:[m[K [01;35m[Kwarning: [m[Kunused variable ‘[01m[Kmeas_dim_r1[m[K’ [[01;35m[K-Wunused-variable[m[K]
[2.907s]    85 |         int [01;35m[Kmeas_dim_r1[m[K = 7;   // (x, y, z, rx, ry,rz, rw)
[2.907s]       |             [01;35m[K^~~~~~~~~~~[m[K
[2.907s] [01m[K/home/javierfr/Robotics_Cyber_Physical_LAB/src/img_proc_pkg/src/aruco_detector.cpp:92:13:[m[K [01;35m[Kwarning: [m[Kunused variable ‘[01m[Kstate_dim_r2[m[K’ [[01;35m[K-Wunused-variable[m[K]
[2.907s]    92 |         int [01;35m[Kstate_dim_r2[m[K = 14;  // (x, y, z, rx, ry, rz, rw, vx, vy, vz, vrx, vry, vrz, vrw)
[2.907s]       |             [01;35m[K^~~~~~~~~~~~[m[K
[2.907s] [01m[K/home/javierfr/Robotics_Cyber_Physical_LAB/src/img_proc_pkg/src/aruco_detector.cpp:93:13:[m[K [01;35m[Kwarning: [m[Kunused variable ‘[01m[Kmeas_dim_r2[m[K’ [[01;35m[K-Wunused-variable[m[K]
[2.907s]    93 |         int [01;35m[Kmeas_dim_r2[m[K = 7;   // (x, y, z, rx, ry,rz, rw)
[2.907s]       |             [01;35m[K^~~~~~~~~~~[m[K
[2.907s] [01m[K/home/javierfr/Robotics_Cyber_Physical_LAB/src/img_proc_pkg/src/aruco_detector.cpp:100:13:[m[K [01;35m[Kwarning: [m[Kunused variable ‘[01m[Kstate_dim_o1[m[K’ [[01;35m[K-Wunused-variable[m[K]
[2.907s]   100 |         int [01;35m[Kstate_dim_o1[m[K = 14;  // (x, y, z, rx, ry, rz, rw, vx, vy, vz, vrx, vry, vrz, vrw)
[2.907s]       |             [01;35m[K^~~~~~~~~~~~[m[K
[2.907s] [01m[K/home/javierfr/Robotics_Cyber_Physical_LAB/src/img_proc_pkg/src/aruco_detector.cpp:101:13:[m[K [01;35m[Kwarning: [m[Kunused variable ‘[01m[Kmeas_dim_o1[m[K’ [[01;35m[K-Wunused-variable[m[K]
[2.908s]   101 |         int [01;35m[Kmeas_dim_o1[m[K = 7;   // (x, y, z, rx, ry,rz, rw)
[2.908s]       |             [01;35m[K^~~~~~~~~~~[m[K
[2.908s] [01m[K/home/javierfr/Robotics_Cyber_Physical_LAB/src/img_proc_pkg/src/aruco_detector.cpp:108:13:[m[K [01;35m[Kwarning: [m[Kunused variable ‘[01m[Kstate_dim_o2[m[K’ [[01;35m[K-Wunused-variable[m[K]
[2.908s]   108 |         int [01;35m[Kstate_dim_o2[m[K = 14;  // (x, y, z, rx, ry, rz, rw, vx, vy, vz, vrx, vry, vrz, vrw)
[2.908s]       |             [01;35m[K^~~~~~~~~~~~[m[K
[2.908s] [01m[K/home/javierfr/Robotics_Cyber_Physical_LAB/src/img_proc_pkg/src/aruco_detector.cpp:109:13:[m[K [01;35m[Kwarning: [m[Kunused variable ‘[01m[Kmeas_dim_o2[m[K’ [[01;35m[K-Wunused-variable[m[K]
[2.908s]   109 |         int [01;35m[Kmeas_dim_o2[m[K = 7;   // (x, y, z, rx, ry,rz, rw)
[2.908s]       |             [01;35m[K^~~~~~~~~~~[m[K
[2.908s] [01m[K/home/javierfr/Robotics_Cyber_Physical_LAB/src/img_proc_pkg/src/aruco_detector.cpp:116:13:[m[K [01;35m[Kwarning: [m[Kunused variable ‘[01m[Kstate_dim_tj[m[K’ [[01;35m[K-Wunused-variable[m[K]
[2.908s]   116 |         int [01;35m[Kstate_dim_tj[m[K = 14;  // (x, y, z, rx, ry, rz, rw, vx, vy, vz, vrx, vry, vrz, vrw)
[2.908s]       |             [01;35m[K^~~~~~~~~~~~[m[K
[2.908s] [01m[K/home/javierfr/Robotics_Cyber_Physical_LAB/src/img_proc_pkg/src/aruco_detector.cpp:117:13:[m[K [01;35m[Kwarning: [m[Kunused variable ‘[01m[Kmeas_dim_tj[m[K’ [[01;35m[K-Wunused-variable[m[K]
[2.908s]   117 |         int [01;35m[Kmeas_dim_tj[m[K = 7;   // (x, y, z, rx, ry,rz, rw)
[2.908s]       |             [01;35m[K^~~~~~~~~~~[m[K
[2.912s] [01m[K/home/javierfr/Robotics_Cyber_Physical_LAB/src/img_proc_pkg/src/aruco_detector_v2.cpp:[m[K In constructor ‘[01m[KAruco_Detector_V2::Aruco_Detector_V2()[m[K’:
[2.913s] [01m[K/home/javierfr/Robotics_Cyber_Physical_LAB/src/img_proc_pkg/src/aruco_detector_v2.cpp:71:12:[m[K [01;35m[Kwarning: [m[Kunused variable ‘[01m[KreadOk[m[K’ [[01;35m[K-Wunused-variable[m[K]
[2.913s]    71 |       bool [01;35m[KreadOk[m[K = readCameraParameters("src/img_proc_pkg/config/camera_calib_charuco.yaml", cameraMatrix, distCoeffs);
[2.913s]       |            [01;35m[K^~~~~~[m[K
[2.919s] [01m[K/home/javierfr/Robotics_Cyber_Physical_LAB/src/img_proc_pkg/src/aruco_detector.cpp:[m[K In member function ‘[01m[Kvoid Aruco_Detector::topic_callback(sensor_msgs::msg::Image_<std::allocator<void> >::SharedPtr)[m[K’:
[2.920s] [01m[K/home/javierfr/Robotics_Cyber_Physical_LAB/src/img_proc_pkg/src/aruco_detector.cpp:228:27:[m[K [01;35m[Kwarning: [m[Kcomparison of integer expressions of different signedness: ‘[01m[Kint[m[K’ and ‘[01m[Kstd::vector<int>::size_type[m[K’ {aka ‘[01m[Klong unsigned int[m[K’} [[01;35m[K-Wsign-compare[m[K]
[2.920s]   228 |         for (int i = 0; [01;35m[Ki < markerIds.size()[m[K; i++) {
[2.920s]       |                         [01;35m[K~~^~~~~~~~~~~~~~~~~~[m[K
[2.921s] [01m[K/home/javierfr/Robotics_Cyber_Physical_LAB/src/img_proc_pkg/src/aruco_detector.cpp:234:27:[m[K [01;35m[Kwarning: [m[Kcomparison of integer expressions of different signedness: ‘[01m[Kint[m[K’ and ‘[01m[Kstd::vector<cv::Vec<double, 3> >::size_type[m[K’ {aka ‘[01m[Klong unsigned int[m[K’} [[01;35m[K-Wsign-compare[m[K]
[2.921s]   234 |         for (int i = 0; [01;35m[Ki < rvecs.size()[m[K; ++i) {
[2.921s]       |                         [01;35m[K~~^~~~~~~~~~~~~~[m[K
[2.925s] [01m[K/home/javierfr/Robotics_Cyber_Physical_LAB/src/img_proc_pkg/src/aruco_detector_v2.cpp:[m[K In member function ‘[01m[Kvoid Aruco_Detector_V2::topic_callback(sensor_msgs::msg::Image_<std::allocator<void> >::SharedPtr)[m[K’:
[2.925s] [01m[K/home/javierfr/Robotics_Cyber_Physical_LAB/src/img_proc_pkg/src/aruco_detector_v2.cpp:118:27:[m[K [01;35m[Kwarning: [m[Kcomparison of integer expressions of different signedness: ‘[01m[Kint[m[K’ and ‘[01m[Kstd::vector<cv::Vec<double, 3> >::size_type[m[K’ {aka ‘[01m[Klong unsigned int[m[K’} [[01;35m[K-Wsign-compare[m[K]
[2.925s]   118 |         for (int i = 0; [01;35m[Ki < rvecs.size()[m[K; ++i) {
[2.925s]       |                         [01;35m[K~~^~~~~~~~~~~~~~[m[K
[2.925s] [01m[K/home/javierfr/Robotics_Cyber_Physical_LAB/src/img_proc_pkg/src/aruco_nano_detector.cpp:[m[K In function ‘[01m[Kvoid drawAxis(cv::Mat&, cv::InputArrayOfArrays, cv::Vec3d, cv::Vec3d, float)[m[K’:
[2.925s] [01m[K/home/javierfr/Robotics_Cyber_Physical_LAB/src/img_proc_pkg/src/aruco_nano_detector.cpp:61:52:[m[K [01;35m[Kwarning: [m[Kunused parameter ‘[01m[Kcorners[m[K’ [[01;35m[K-Wunused-parameter[m[K]
[2.925s]    61 | void drawAxis(cv::Mat& img, [01;35m[Kcv::InputArrayOfArrays corners[m[K, cv::Vec3d rvec, cv::Vec3d tvec, float length = 0.1) {
[2.925s]       |                             [01;35m[K~~~~~~~~~~~~~~~~~~~~~~~^~~~~~~[m[K
[2.925s] [01m[K/home/javierfr/Robotics_Cyber_Physical_LAB/src/img_proc_pkg/src/aruco_detector.cpp:162:11:[m[K [01;35m[Kwarning: [m[Kunused variable ‘[01m[Kn_cols[m[K’ [[01;35m[K-Wunused-variable[m[K]
[2.925s]   162 |       int [01;35m[Kn_cols[m[K = img_original.cols;
[2.925s]       |           [01;35m[K^~~~~~[m[K
[2.925s] [01m[K/home/javierfr/Robotics_Cyber_Physical_LAB/src/img_proc_pkg/src/aruco_detector.cpp:163:11:[m[K [01;35m[Kwarning: [m[Kunused variable ‘[01m[Kn_rows[m[K’ [[01;35m[K-Wunused-variable[m[K]
[2.925s]   163 |       int [01;35m[Kn_rows[m[K = img_original.rows;
[2.925s]       |           [01;35m[K^~~~~~[m[K
[2.927s] [01m[K/home/javierfr/Robotics_Cyber_Physical_LAB/src/img_proc_pkg/src/aruco_detector_v2.cpp:96:11:[m[K [01;35m[Kwarning: [m[Kunused variable ‘[01m[Kn_cols[m[K’ [[01;35m[K-Wunused-variable[m[K]
[2.927s]    96 |       int [01;35m[Kn_cols[m[K = img_original.cols;
[2.927s]       |           [01;35m[K^~~~~~[m[K
[2.927s] [01m[K/home/javierfr/Robotics_Cyber_Physical_LAB/src/img_proc_pkg/src/aruco_detector_v2.cpp:97:11:[m[K [01;35m[Kwarning: [m[Kunused variable ‘[01m[Kn_rows[m[K’ [[01;35m[K-Wunused-variable[m[K]
[2.927s]    97 |       int [01;35m[Kn_rows[m[K = img_original.rows;
[2.927s]       |           [01;35m[K^~~~~~[m[K
[2.943s] [01m[K/home/javierfr/Robotics_Cyber_Physical_LAB/src/img_proc_pkg/src/aruco_nano_detector.cpp:[m[K In constructor ‘[01m[KAruco_Nano_Detector::Aruco_Nano_Detector()[m[K’:
[2.943s] [01m[K/home/javierfr/Robotics_Cyber_Physical_LAB/src/img_proc_pkg/src/aruco_nano_detector.cpp:72:12:[m[K [01;35m[Kwarning: [m[Kunused variable ‘[01m[KreadOk[m[K’ [[01;35m[K-Wunused-variable[m[K]
[2.943s]    72 |       bool [01;35m[KreadOk[m[K = readCameraParameters("src/img_proc_pkg/config/camera_calib_charuco.yaml", cameraMatrix, distCoeffs);
[2.943s]       |            [01;35m[K^~~~~~[m[K
[2.954s] [01m[K/home/javierfr/Robotics_Cyber_Physical_LAB/src/img_proc_pkg/src/aruco_nano_detector.cpp:[m[K In member function ‘[01m[Kvoid Aruco_Nano_Detector::topic_callback(sensor_msgs::msg::Image_<std::allocator<void> >::SharedPtr)[m[K’:
[2.954s] [01m[K/home/javierfr/Robotics_Cyber_Physical_LAB/src/img_proc_pkg/src/aruco_nano_detector.cpp:97:11:[m[K [01;35m[Kwarning: [m[Kunused variable ‘[01m[Kn_cols[m[K’ [[01;35m[K-Wunused-variable[m[K]
[2.954s]    97 |       int [01;35m[Kn_cols[m[K = img_original.cols;
[2.954s]       |           [01;35m[K^~~~~~[m[K
[2.954s] [01m[K/home/javierfr/Robotics_Cyber_Physical_LAB/src/img_proc_pkg/src/aruco_nano_detector.cpp:98:11:[m[K [01;35m[Kwarning: [m[Kunused variable ‘[01m[Kn_rows[m[K’ [[01;35m[K-Wunused-variable[m[K]
[2.954s]    98 |       int [01;35m[Kn_rows[m[K = img_original.rows;
[2.954s]       |           [01;35m[K^~~~~~[m[K
[3.246s] [01m[K/home/javierfr/Robotics_Cyber_Physical_LAB/src/img_proc_pkg/src/img_proc_id_node.cpp:[m[K In member function ‘[01m[Kvoid Img_Proc_Id_Node::topic_callback(sensor_msgs::msg::Image_<std::allocator<void> >::SharedPtr) const[m[K’:
[3.246s] [01m[K/home/javierfr/Robotics_Cyber_Physical_LAB/src/img_proc_pkg/src/img_proc_id_node.cpp:130:22:[m[K [01;35m[Kwarning: [m[Kcomparison of integer expressions of different signedness: ‘[01m[Kint[m[K’ and ‘[01m[Kstd::vector<std::vector<cv::Point_<int> > >::size_type[m[K’ {aka ‘[01m[Klong unsigned int[m[K’} [[01;35m[K-Wsign-compare[m[K]
[3.246s]   130 |       for (int i=0; [01;35m[Ki<red_contours.size()[m[K; i++)
[3.246s]       |                     [01;35m[K~^~~~~~~~~~~~~~~~~~~~[m[K
[3.247s] [01m[K/home/javierfr/Robotics_Cyber_Physical_LAB/src/img_proc_pkg/src/img_proc_id_node.cpp:163:26:[m[K [01;35m[Kwarning: [m[Kcomparison of integer expressions of different signedness: ‘[01m[Kint[m[K’ and ‘[01m[Kstd::vector<std::vector<cv::Point_<int> > >::size_type[m[K’ {aka ‘[01m[Klong unsigned int[m[K’} [[01;35m[K-Wsign-compare[m[K]
[3.247s]   163 |         for (int ii=1; [01;35m[Kii<red_subcontours.size()[m[K; ii++)
[3.247s]       |                        [01;35m[K~~^~~~~~~~~~~~~~~~~~~~~~~[m[K
[3.249s] [01m[K/home/javierfr/Robotics_Cyber_Physical_LAB/src/img_proc_pkg/src/img_proc_id_node.cpp:257:22:[m[K [01;35m[Kwarning: [m[Kcomparison of integer expressions of different signedness: ‘[01m[Kint[m[K’ and ‘[01m[Kstd::vector<std::vector<cv::Point_<int> > >::size_type[m[K’ {aka ‘[01m[Klong unsigned int[m[K’} [[01;35m[K-Wsign-compare[m[K]
[3.250s]   257 |       for (int i=0; [01;35m[Ki<blue_contours.size()[m[K; i++)
[3.250s]       |                     [01;35m[K~^~~~~~~~~~~~~~~~~~~~~[m[K
[3.250s] [01m[K/home/javierfr/Robotics_Cyber_Physical_LAB/src/img_proc_pkg/src/img_proc_id_node.cpp:290:26:[m[K [01;35m[Kwarning: [m[Kcomparison of integer expressions of different signedness: ‘[01m[Kint[m[K’ and ‘[01m[Kstd::vector<std::vector<cv::Point_<int> > >::size_type[m[K’ {aka ‘[01m[Klong unsigned int[m[K’} [[01;35m[K-Wsign-compare[m[K]
[3.250s]   290 |         for (int ii=1; [01;35m[Kii<blue_subcontours.size()[m[K; ii++)
[3.250s]       |                        [01;35m[K~~^~~~~~~~~~~~~~~~~~~~~~~~[m[K
[3.252s] [01m[K/home/javierfr/Robotics_Cyber_Physical_LAB/src/img_proc_pkg/src/img_proc_id_node.cpp:385:22:[m[K [01;35m[Kwarning: [m[Kcomparison of integer expressions of different signedness: ‘[01m[Kint[m[K’ and ‘[01m[Kstd::vector<std::vector<cv::Point_<int> > >::size_type[m[K’ {aka ‘[01m[Klong unsigned int[m[K’} [[01;35m[K-Wsign-compare[m[K]
[3.252s]   385 |       for (int i=0; [01;35m[Ki<green_contours.size()[m[K; i++)
[3.252s]       |                     [01;35m[K~^~~~~~~~~~~~~~~~~~~~~~[m[K
[3.253s] [01m[K/home/javierfr/Robotics_Cyber_Physical_LAB/src/img_proc_pkg/src/img_proc_id_node.cpp:417:26:[m[K [01;35m[Kwarning: [m[Kcomparison of integer expressions of different signedness: ‘[01m[Kint[m[K’ and ‘[01m[Kstd::vector<std::vector<cv::Point_<int> > >::size_type[m[K’ {aka ‘[01m[Klong unsigned int[m[K’} [[01;35m[K-Wsign-compare[m[K]
[3.253s]   417 |         for (int ii=1; [01;35m[Kii<green_subcontours.size()[m[K; ii++)
[3.253s]       |                        [01;35m[K~~^~~~~~~~~~~~~~~~~~~~~~~~~[m[K
[3.734s] [ 61%] [32m[1mLinking CXX executable camera_publ_node[0m
[4.099s] /usr/bin/ld: warning: libopencv_core.so.4.2, needed by /opt/ros/foxy/lib/libcv_bridge.so, may conflict with libopencv_core.so.407
[4.128s] [ 61%] Built target camera_publ_node
[4.362s] [ 66%] [32m[1mLinking CXX executable img_publ_test_node[0m
[4.672s] /usr/bin/ld: warning: libopencv_imgcodecs.so.4.2, needed by /opt/ros/foxy/lib/libcv_bridge.so, may conflict with libopencv_imgcodecs.so.407
[4.672s] /usr/bin/ld: warning: libopencv_core.so.4.2, needed by /opt/ros/foxy/lib/libcv_bridge.so, may conflict with libopencv_core.so.407
[4.701s] [ 66%] Built target img_publ_test_node
[5.108s] [ 72%] [32m[1mLinking CXX executable compute_position[0m
[5.297s] [ 72%] Built target compute_position
[5.511s] [ 77%] [32m[1mLinking CXX executable aruco_detector_v2[0m
[5.527s] [ 83%] [32m[1mLinking CXX executable aruco_detector[0m
[5.675s] [ 88%] [32m[1mLinking CXX executable aruco_nano_detector[0m
[5.928s] [ 94%] [32m[1mLinking CXX executable img_subs_test_node[0m
[5.951s] [100%] [32m[1mLinking CXX executable img_proc_id_node[0m
[5.956s] /usr/bin/ld: warning: libopencv_imgproc.so.4.2, needed by /opt/ros/foxy/lib/libcv_bridge.so, may conflict with libopencv_imgproc.so.407
[5.956s] /usr/bin/ld: warning: libopencv_core.so.4.2, needed by /opt/ros/foxy/lib/libcv_bridge.so, may conflict with libopencv_core.so.407
[5.978s] [100%] Built target aruco_detector_v2
[5.981s] /usr/bin/ld: warning: libopencv_imgproc.so.4.2, needed by /opt/ros/foxy/lib/libcv_bridge.so, may conflict with libopencv_imgproc.so.407
[5.981s] /usr/bin/ld: warning: libopencv_core.so.4.2, needed by /opt/ros/foxy/lib/libcv_bridge.so, may conflict with libopencv_core.so.407
[5.999s] [100%] Built target aruco_detector
[6.127s] /usr/bin/ld: warning: libopencv_imgproc.so.4.2, needed by /opt/ros/foxy/lib/libcv_bridge.so, may conflict with libopencv_imgproc.so.407
[6.127s] /usr/bin/ld: warning: libopencv_core.so.4.2, needed by /opt/ros/foxy/lib/libcv_bridge.so, may conflict with libopencv_core.so.407
[6.156s] [100%] Built target aruco_nano_detector
[6.315s] /usr/bin/ld: warning: libopencv_imgcodecs.so.4.2, needed by /opt/ros/foxy/lib/libcv_bridge.so, may conflict with libopencv_imgcodecs.so.407
[6.315s] /usr/bin/ld: warning: libopencv_imgproc.so.4.2, needed by /opt/ros/foxy/lib/libcv_bridge.so, may conflict with libopencv_imgproc.so.407
[6.315s] /usr/bin/ld: warning: libopencv_core.so.4.2, needed by /opt/ros/foxy/lib/libcv_bridge.so, may conflict with libopencv_core.so.407
[6.341s] /usr/bin/ld: warning: libopencv_imgproc.so.4.2, needed by /opt/ros/foxy/lib/libcv_bridge.so, may conflict with libopencv_imgproc.so.407
[6.341s] /usr/bin/ld: warning: libopencv_core.so.4.2, needed by /opt/ros/foxy/lib/libcv_bridge.so, may conflict with libopencv_core.so.407
[6.343s] [100%] Built target img_subs_test_node
[6.357s] [100%] Built target img_proc_id_node
[6.375s] Invoked command in '/home/javierfr/Robotics_Cyber_Physical_LAB/src/img_proc_pkg/build/img_proc_pkg' returned '0': CMAKE_PREFIX_PATH=${CMAKE_PREFIX_PATH}:/opt/ros/foxy /usr/bin/cmake --build /home/javierfr/Robotics_Cyber_Physical_LAB/src/img_proc_pkg/build/img_proc_pkg -- -j16 -l16
[6.423s] Invoking command in '/home/javierfr/Robotics_Cyber_Physical_LAB/src/img_proc_pkg/build/img_proc_pkg': CMAKE_PREFIX_PATH=${CMAKE_PREFIX_PATH}:/opt/ros/foxy /usr/bin/cmake --install /home/javierfr/Robotics_Cyber_Physical_LAB/src/img_proc_pkg/build/img_proc_pkg
[6.438s] -- Install configuration: ""
[6.438s] -- Installing: /home/javierfr/Robotics_Cyber_Physical_LAB/src/img_proc_pkg/install/img_proc_pkg/lib/img_proc_pkg/img_proc_node
[6.438s] -- Set runtime path of "/home/javierfr/Robotics_Cyber_Physical_LAB/src/img_proc_pkg/install/img_proc_pkg/lib/img_proc_pkg/img_proc_node" to ""
[6.438s] -- Installing: /home/javierfr/Robotics_Cyber_Physical_LAB/src/img_proc_pkg/install/img_proc_pkg/lib/img_proc_pkg/img_publ_test_node
[6.438s] -- Set runtime path of "/home/javierfr/Robotics_Cyber_Physical_LAB/src/img_proc_pkg/install/img_proc_pkg/lib/img_proc_pkg/img_publ_test_node" to ""
[6.438s] -- Installing: /home/javierfr/Robotics_Cyber_Physical_LAB/src/img_proc_pkg/install/img_proc_pkg/lib/img_proc_pkg/img_subs_test_node
[6.440s] -- Set runtime path of "/home/javierfr/Robotics_Cyber_Physical_LAB/src/img_proc_pkg/install/img_proc_pkg/lib/img_proc_pkg/img_subs_test_node" to ""
[6.440s] -- Installing: /home/javierfr/Robotics_Cyber_Physical_LAB/src/img_proc_pkg/install/img_proc_pkg/lib/img_proc_pkg/img_proc_id_node
[6.440s] -- Set runtime path of "/home/javierfr/Robotics_Cyber_Physical_LAB/src/img_proc_pkg/install/img_proc_pkg/lib/img_proc_pkg/img_proc_id_node" to ""
[6.440s] -- Installing: /home/javierfr/Robotics_Cyber_Physical_LAB/src/img_proc_pkg/install/img_proc_pkg/lib/img_proc_pkg/aruco_detector
[6.441s] -- Set runtime path of "/home/javierfr/Robotics_Cyber_Physical_LAB/src/img_proc_pkg/install/img_proc_pkg/lib/img_proc_pkg/aruco_detector" to ""
[6.441s] -- Installing: /home/javierfr/Robotics_Cyber_Physical_LAB/src/img_proc_pkg/install/img_proc_pkg/lib/img_proc_pkg/compute_position
[6.442s] -- Set runtime path of "/home/javierfr/Robotics_Cyber_Physical_LAB/src/img_proc_pkg/install/img_proc_pkg/lib/img_proc_pkg/compute_position" to ""
[6.442s] -- Installing: /home/javierfr/Robotics_Cyber_Physical_LAB/src/img_proc_pkg/install/img_proc_pkg/lib/img_proc_pkg/aruco_detector_v2
[6.443s] -- Set runtime path of "/home/javierfr/Robotics_Cyber_Physical_LAB/src/img_proc_pkg/install/img_proc_pkg/lib/img_proc_pkg/aruco_detector_v2" to ""
[6.443s] -- Installing: /home/javierfr/Robotics_Cyber_Physical_LAB/src/img_proc_pkg/install/img_proc_pkg/lib/img_proc_pkg/aruco_nano_detector
[6.444s] -- Set runtime path of "/home/javierfr/Robotics_Cyber_Physical_LAB/src/img_proc_pkg/install/img_proc_pkg/lib/img_proc_pkg/aruco_nano_detector" to ""
[6.444s] -- Installing: /home/javierfr/Robotics_Cyber_Physical_LAB/src/img_proc_pkg/install/img_proc_pkg/lib/img_proc_pkg/camera_publ_node
[6.444s] -- Set runtime path of "/home/javierfr/Robotics_Cyber_Physical_LAB/src/img_proc_pkg/install/img_proc_pkg/lib/img_proc_pkg/camera_publ_node" to ""
[6.444s] -- Installing: /home/javierfr/Robotics_Cyber_Physical_LAB/src/img_proc_pkg/install/img_proc_pkg/share/img_proc_pkg/launch
[6.444s] -- Installing: /home/javierfr/Robotics_Cyber_Physical_LAB/src/img_proc_pkg/install/img_proc_pkg/share/img_proc_pkg/launch/camera_launch.py
[6.444s] -- Installing: /home/javierfr/Robotics_Cyber_Physical_LAB/src/img_proc_pkg/install/img_proc_pkg/share/img_proc_pkg/launch/demo_cam_launch.py
[6.444s] -- Installing: /home/javierfr/Robotics_Cyber_Physical_LAB/src/img_proc_pkg/install/img_proc_pkg/share/img_proc_pkg/launch/__pycache__
[6.444s] -- Installing: /home/javierfr/Robotics_Cyber_Physical_LAB/src/img_proc_pkg/install/img_proc_pkg/share/img_proc_pkg/launch/__pycache__/demo_launch.cpython-38.pyc
[6.444s] -- Installing: /home/javierfr/Robotics_Cyber_Physical_LAB/src/img_proc_pkg/install/img_proc_pkg/share/img_proc_pkg/config
[6.445s] -- Installing: /home/javierfr/Robotics_Cyber_Physical_LAB/src/img_proc_pkg/install/img_proc_pkg/share/img_proc_pkg/config/camera_calib_charuco.yaml
[6.445s] -- Installing: /home/javierfr/Robotics_Cyber_Physical_LAB/src/img_proc_pkg/install/img_proc_pkg/share/img_proc_pkg/config/params.yaml
[6.445s] -- Installing: /home/javierfr/Robotics_Cyber_Physical_LAB/src/img_proc_pkg/install/img_proc_pkg/share/img_proc_pkg/config/camera_info_old.yaml
[6.445s] -- Installing: /home/javierfr/Robotics_Cyber_Physical_LAB/src/img_proc_pkg/install/img_proc_pkg/share/img_proc_pkg/config/camera_info.yaml
[6.445s] -- Installing: /home/javierfr/Robotics_Cyber_Physical_LAB/src/img_proc_pkg/install/img_proc_pkg/share/img_proc_pkg/config/_old.yaml
[6.445s] -- Installing: /home/javierfr/Robotics_Cyber_Physical_LAB/src/img_proc_pkg/install/img_proc_pkg/share/img_proc_pkg/config/params_dsrl.yaml
[6.445s] -- Installing: /home/javierfr/Robotics_Cyber_Physical_LAB/src/img_proc_pkg/install/img_proc_pkg/share/img_proc_pkg/config/camera_calib_charuco (copy).yaml
[6.445s] -- Installing: /home/javierfr/Robotics_Cyber_Physical_LAB/src/img_proc_pkg/install/img_proc_pkg/share/img_proc_pkg/include
[6.445s] -- Installing: /home/javierfr/Robotics_Cyber_Physical_LAB/src/img_proc_pkg/install/img_proc_pkg/share/img_proc_pkg/include/img_proc_pkg
[6.445s] -- Installing: /home/javierfr/Robotics_Cyber_Physical_LAB/src/img_proc_pkg/install/img_proc_pkg/share/img_proc_pkg/include/img_proc_pkg/aruco_nano.h
[6.445s] -- Installing: /home/javierfr/Robotics_Cyber_Physical_LAB/src/img_proc_pkg/install/img_proc_pkg/share/img_proc_pkg/environment/pythonpath.sh
[6.445s] -- Installing: /home/javierfr/Robotics_Cyber_Physical_LAB/src/img_proc_pkg/install/img_proc_pkg/share/img_proc_pkg/environment/pythonpath.dsv
[6.445s] -- Installing: /home/javierfr/Robotics_Cyber_Physical_LAB/src/img_proc_pkg/install/img_proc_pkg/lib/python3.8/site-packages/img_proc_pkg
[6.445s] -- Installing: /home/javierfr/Robotics_Cyber_Physical_LAB/src/img_proc_pkg/install/img_proc_pkg/lib/python3.8/site-packages/img_proc_pkg/__init__.py
[6.462s] Listing '/home/javierfr/Robotics_Cyber_Physical_LAB/src/img_proc_pkg/install/img_proc_pkg/lib/python3.8/site-packages/img_proc_pkg'...
[6.462s] Compiling '/home/javierfr/Robotics_Cyber_Physical_LAB/src/img_proc_pkg/install/img_proc_pkg/lib/python3.8/site-packages/img_proc_pkg/__init__.py'...
[6.464s] -- Installing: /home/javierfr/Robotics_Cyber_Physical_LAB/src/img_proc_pkg/install/img_proc_pkg/lib/img_proc_pkg/camera_publ_node.py
[6.464s] -- Installing: /home/javierfr/Robotics_Cyber_Physical_LAB/src/img_proc_pkg/install/img_proc_pkg/share/ament_index/resource_index/package_run_dependencies/img_proc_pkg
[6.464s] -- Installing: /home/javierfr/Robotics_Cyber_Physical_LAB/src/img_proc_pkg/install/img_proc_pkg/share/ament_index/resource_index/parent_prefix_path/img_proc_pkg
[6.464s] -- Installing: /home/javierfr/Robotics_Cyber_Physical_LAB/src/img_proc_pkg/install/img_proc_pkg/share/img_proc_pkg/environment/ament_prefix_path.sh
[6.464s] -- Installing: /home/javierfr/Robotics_Cyber_Physical_LAB/src/img_proc_pkg/install/img_proc_pkg/share/img_proc_pkg/environment/ament_prefix_path.dsv
[6.464s] -- Installing: /home/javierfr/Robotics_Cyber_Physical_LAB/src/img_proc_pkg/install/img_proc_pkg/share/img_proc_pkg/environment/path.sh
[6.464s] -- Installing: /home/javierfr/Robotics_Cyber_Physical_LAB/src/img_proc_pkg/install/img_proc_pkg/share/img_proc_pkg/environment/path.dsv
[6.464s] -- Installing: /home/javierfr/Robotics_Cyber_Physical_LAB/src/img_proc_pkg/install/img_proc_pkg/share/img_proc_pkg/local_setup.bash
[6.464s] -- Installing: /home/javierfr/Robotics_Cyber_Physical_LAB/src/img_proc_pkg/install/img_proc_pkg/share/img_proc_pkg/local_setup.sh
[6.465s] -- Installing: /home/javierfr/Robotics_Cyber_Physical_LAB/src/img_proc_pkg/install/img_proc_pkg/share/img_proc_pkg/local_setup.zsh
[6.465s] -- Installing: /home/javierfr/Robotics_Cyber_Physical_LAB/src/img_proc_pkg/install/img_proc_pkg/share/img_proc_pkg/local_setup.dsv
[6.465s] -- Installing: /home/javierfr/Robotics_Cyber_Physical_LAB/src/img_proc_pkg/install/img_proc_pkg/share/img_proc_pkg/package.dsv
[6.465s] -- Installing: /home/javierfr/Robotics_Cyber_Physical_LAB/src/img_proc_pkg/install/img_proc_pkg/share/ament_index/resource_index/packages/img_proc_pkg
[6.465s] -- Installing: /home/javierfr/Robotics_Cyber_Physical_LAB/src/img_proc_pkg/install/img_proc_pkg/share/img_proc_pkg/cmake/img_proc_pkgConfig.cmake
[6.465s] -- Installing: /home/javierfr/Robotics_Cyber_Physical_LAB/src/img_proc_pkg/install/img_proc_pkg/share/img_proc_pkg/cmake/img_proc_pkgConfig-version.cmake
[6.465s] -- Installing: /home/javierfr/Robotics_Cyber_Physical_LAB/src/img_proc_pkg/install/img_proc_pkg/share/img_proc_pkg/package.xml
[6.466s] Invoked command in '/home/javierfr/Robotics_Cyber_Physical_LAB/src/img_proc_pkg/build/img_proc_pkg' returned '0': CMAKE_PREFIX_PATH=${CMAKE_PREFIX_PATH}:/opt/ros/foxy /usr/bin/cmake --install /home/javierfr/Robotics_Cyber_Physical_LAB/src/img_proc_pkg/build/img_proc_pkg
