-- Found ament_cmake: 0.9.12 (/opt/ros/foxy/share/ament_cmake/cmake)
-- Using PYTHON_EXECUTABLE: /usr/bin/python3
-- Found sensor_msgs: 2.0.5 (/opt/ros/foxy/share/sensor_msgs/cmake)
-- Using all available rosidl_typesupport_c: rosidl_typesupport_fastrtps_c;rosidl_typesupport_introspection_c
-- Found rosidl_adapter: 1.3.1 (/opt/ros/foxy/share/rosidl_adapter/cmake)
-- Using all available rosidl_typesupport_cpp: rosidl_typesupport_fastrtps_cpp;rosidl_typesupport_introspection_cpp
-- Found rclcpp: 2.4.3 (/opt/ros/foxy/share/rclcpp/cmake)
-- Found rmw_implementation_cmake: 1.0.4 (/opt/ros/foxy/share/rmw_implementation_cmake/cmake)
-- Using RMW implementation 'rmw_fastrtps_cpp'
-- Found rmw_fastrtps_cpp: 1.3.2 (/opt/ros/foxy/share/rmw_fastrtps_cpp/cmake)
-- Found rclpy: 1.0.13 (/opt/ros/foxy/share/rclpy/cmake)
-- Found image_transport: 2.4.0 (/opt/ros/foxy/share/image_transport/cmake)
-- Found cv_bridge: 3.0.7 (/opt/ros/foxy/share/cv_bridge/cmake)
-- Found interfaces: 0.0.0 (/home/javierfr/Robotics_Cyber_Physical_LAB/install/interfaces/share/interfaces/cmake)
-- Found tf2: 0.13.14 (/opt/ros/foxy/share/tf2/cmake)
-- Found tf2_sensor_msgs: 0.13.14 (/opt/ros/foxy/share/tf2_sensor_msgs/cmake)
-- Configuring done
-- Generating done
-- Build files have been written to: /home/javierfr/Robotics_Cyber_Physical_LAB/src/img_proc_pkg/build/img_proc_pkg
[ 12%] Built target img_subs_test_node
[ 25%] Built target img_publ_test_node
[ 37%] Built target aruco_detector
[ 50%] Built target img_proc_id_node
[ 62%] Built target compute_position
[ 75%] Built target img_proc_node
[ 87%] Built target aruco_detector_v2
[100%] Built target aruco_nano_detector
-- Install configuration: ""
-- Up-to-date: /home/javierfr/Robotics_Cyber_Physical_LAB/src/img_proc_pkg/install/img_proc_pkg/lib/img_proc_pkg/img_proc_node
-- Up-to-date: /home/javierfr/Robotics_Cyber_Physical_LAB/src/img_proc_pkg/install/img_proc_pkg/lib/img_proc_pkg/img_publ_test_node
-- Up-to-date: /home/javierfr/Robotics_Cyber_Physical_LAB/src/img_proc_pkg/install/img_proc_pkg/lib/img_proc_pkg/img_subs_test_node
-- Up-to-date: /home/javierfr/Robotics_Cyber_Physical_LAB/src/img_proc_pkg/install/img_proc_pkg/lib/img_proc_pkg/img_proc_id_node
-- Up-to-date: /home/javierfr/Robotics_Cyber_Physical_LAB/src/img_proc_pkg/install/img_proc_pkg/lib/img_proc_pkg/aruco_detector
-- Up-to-date: /home/javierfr/Robotics_Cyber_Physical_LAB/src/img_proc_pkg/install/img_proc_pkg/lib/img_proc_pkg/compute_position
-- Up-to-date: /home/javierfr/Robotics_Cyber_Physical_LAB/src/img_proc_pkg/install/img_proc_pkg/lib/img_proc_pkg/aruco_detector_v2
-- Up-to-date: /home/javierfr/Robotics_Cyber_Physical_LAB/src/img_proc_pkg/install/img_proc_pkg/lib/img_proc_pkg/aruco_nano_detector
-- Up-to-date: /home/javierfr/Robotics_Cyber_Physical_LAB/src/img_proc_pkg/install/img_proc_pkg/share/img_proc_pkg/launch
-- Up-to-date: /home/javierfr/Robotics_Cyber_Physical_LAB/src/img_proc_pkg/install/img_proc_pkg/share/img_proc_pkg/launch/camera_launch.py
-- Up-to-date: /home/javierfr/Robotics_Cyber_Physical_LAB/src/img_proc_pkg/install/img_proc_pkg/share/img_proc_pkg/launch/demo_cam_launch.py
-- Up-to-date: /home/javierfr/Robotics_Cyber_Physical_LAB/src/img_proc_pkg/install/img_proc_pkg/share/img_proc_pkg/launch/__pycache__
-- Up-to-date: /home/javierfr/Robotics_Cyber_Physical_LAB/src/img_proc_pkg/install/img_proc_pkg/share/img_proc_pkg/launch/__pycache__/demo_launch.cpython-38.pyc
-- Up-to-date: /home/javierfr/Robotics_Cyber_Physical_LAB/src/img_proc_pkg/install/img_proc_pkg/share/img_proc_pkg/config
-- Up-to-date: /home/javierfr/Robotics_Cyber_Physical_LAB/src/img_proc_pkg/install/img_proc_pkg/share/img_proc_pkg/config/camera_calib_charuco.yaml
-- Up-to-date: /home/javierfr/Robotics_Cyber_Physical_LAB/src/img_proc_pkg/install/img_proc_pkg/share/img_proc_pkg/config/params.yaml
-- Up-to-date: /home/javierfr/Robotics_Cyber_Physical_LAB/src/img_proc_pkg/install/img_proc_pkg/share/img_proc_pkg/config/camera_info_old.yaml
-- Up-to-date: /home/javierfr/Robotics_Cyber_Physical_LAB/src/img_proc_pkg/install/img_proc_pkg/share/img_proc_pkg/config/camera_info.yaml
-- Up-to-date: /home/javierfr/Robotics_Cyber_Physical_LAB/src/img_proc_pkg/install/img_proc_pkg/share/img_proc_pkg/config/_old.yaml
-- Up-to-date: /home/javierfr/Robotics_Cyber_Physical_LAB/src/img_proc_pkg/install/img_proc_pkg/share/img_proc_pkg/config/params_dsrl.yaml
-- Up-to-date: /home/javierfr/Robotics_Cyber_Physical_LAB/src/img_proc_pkg/install/img_proc_pkg/share/img_proc_pkg/config/camera_calib_charuco (copy).yaml
-- Up-to-date: /home/javierfr/Robotics_Cyber_Physical_LAB/src/img_proc_pkg/install/img_proc_pkg/share/img_proc_pkg/include
-- Up-to-date: /home/javierfr/Robotics_Cyber_Physical_LAB/src/img_proc_pkg/install/img_proc_pkg/share/img_proc_pkg/include/img_proc_pkg
-- Up-to-date: /home/javierfr/Robotics_Cyber_Physical_LAB/src/img_proc_pkg/install/img_proc_pkg/share/img_proc_pkg/include/img_proc_pkg/aruco_nano.h
-- Up-to-date: /home/javierfr/Robotics_Cyber_Physical_LAB/src/img_proc_pkg/install/img_proc_pkg/share/img_proc_pkg/environment/pythonpath.sh
-- Installing: /home/javierfr/Robotics_Cyber_Physical_LAB/src/img_proc_pkg/install/img_proc_pkg/share/img_proc_pkg/environment/pythonpath.dsv
-- Up-to-date: /home/javierfr/Robotics_Cyber_Physical_LAB/src/img_proc_pkg/install/img_proc_pkg/lib/python3.8/site-packages/img_proc_pkg
-- Up-to-date: /home/javierfr/Robotics_Cyber_Physical_LAB/src/img_proc_pkg/install/img_proc_pkg/lib/python3.8/site-packages/img_proc_pkg/__init__.py
Listing '/home/javierfr/Robotics_Cyber_Physical_LAB/src/img_proc_pkg/install/img_proc_pkg/lib/python3.8/site-packages/img_proc_pkg'...
-- Up-to-date: /home/javierfr/Robotics_Cyber_Physical_LAB/src/img_proc_pkg/install/img_proc_pkg/lib/img_proc_pkg/camera_publ_node.py
-- Up-to-date: /home/javierfr/Robotics_Cyber_Physical_LAB/src/img_proc_pkg/install/img_proc_pkg/share/ament_index/resource_index/package_run_dependencies/img_proc_pkg
-- Up-to-date: /home/javierfr/Robotics_Cyber_Physical_LAB/src/img_proc_pkg/install/img_proc_pkg/share/ament_index/resource_index/parent_prefix_path/img_proc_pkg
-- Up-to-date: /home/javierfr/Robotics_Cyber_Physical_LAB/src/img_proc_pkg/install/img_proc_pkg/share/img_proc_pkg/environment/ament_prefix_path.sh
-- Installing: /home/javierfr/Robotics_Cyber_Physical_LAB/src/img_proc_pkg/install/img_proc_pkg/share/img_proc_pkg/environment/ament_prefix_path.dsv
-- Up-to-date: /home/javierfr/Robotics_Cyber_Physical_LAB/src/img_proc_pkg/install/img_proc_pkg/share/img_proc_pkg/environment/path.sh
-- Installing: /home/javierfr/Robotics_Cyber_Physical_LAB/src/img_proc_pkg/install/img_proc_pkg/share/img_proc_pkg/environment/path.dsv
-- Up-to-date: /home/javierfr/Robotics_Cyber_Physical_LAB/src/img_proc_pkg/install/img_proc_pkg/share/img_proc_pkg/local_setup.bash
-- Up-to-date: /home/javierfr/Robotics_Cyber_Physical_LAB/src/img_proc_pkg/install/img_proc_pkg/share/img_proc_pkg/local_setup.sh
-- Up-to-date: /home/javierfr/Robotics_Cyber_Physical_LAB/src/img_proc_pkg/install/img_proc_pkg/share/img_proc_pkg/local_setup.zsh
-- Installing: /home/javierfr/Robotics_Cyber_Physical_LAB/src/img_proc_pkg/install/img_proc_pkg/share/img_proc_pkg/local_setup.dsv
-- Installing: /home/javierfr/Robotics_Cyber_Physical_LAB/src/img_proc_pkg/install/img_proc_pkg/share/img_proc_pkg/package.dsv
-- Up-to-date: /home/javierfr/Robotics_Cyber_Physical_LAB/src/img_proc_pkg/install/img_proc_pkg/share/ament_index/resource_index/packages/img_proc_pkg
-- Up-to-date: /home/javierfr/Robotics_Cyber_Physical_LAB/src/img_proc_pkg/install/img_proc_pkg/share/img_proc_pkg/cmake/img_proc_pkgConfig.cmake
-- Up-to-date: /home/javierfr/Robotics_Cyber_Physical_LAB/src/img_proc_pkg/install/img_proc_pkg/share/img_proc_pkg/cmake/img_proc_pkgConfig-version.cmake
-- Up-to-date: /home/javierfr/Robotics_Cyber_Physical_LAB/src/img_proc_pkg/install/img_proc_pkg/share/img_proc_pkg/package.xml
